#-----------------------------------------------------------
# Vivado v2017.4 (64-bit)
# SW Build 2086221 on Fri Dec 15 20:55:39 MST 2017
# IP Build 2085800 on Fri Dec 15 22:25:07 MST 2017
# Start of session at: Tue Apr 16 16:07:40 2019
# Process ID: 25420
# Current directory: D:/Projects/vivado/gates/and_gate
# Command line: vivado.exe -gui_launcher_event rodinguilauncherevent86108 D:\Projects\vivado\gates\and_gate\and_gate.xpr
# Log file: D:/Projects/vivado/gates/and_gate/vivado.log
# Journal file: D:/Projects/vivado/gates/and_gate\vivado.jou
#-----------------------------------------------------------
start_gui
open_project D:/Projects/vivado/gates/and_gate/and_gate.xpr
update_compile_order -fileset sources_1
ipx::open_ipxact_file D:/Projects/vivado/gates/and_gate/and_gate.srcs/sources_1/new/component.xml
ipx::unload_core d:/Projects/vivado/gates/and_gate/and_gate.srcs/sources_1/new/component.xml
ipx::open_ipxact_file D:/Projects/vivado/gates/and_gate/and_gate.srcs/sources_1/new/component.xml
set_property driver_value 0 [ipx::get_ports f -of_objects [ipx::current_core]]
set_property driver_value 4294967295 [ipx::get_ports e -of_objects [ipx::current_core]]
ipx::create_xgui_files [ipx::current_core]
ipx::update_checksums [ipx::current_core]
ipx::save_core [ipx::current_core]
update_ip_catalog -rebuild -repo_path d:/Projects/vivado/gates/and_gate/and_gate.srcs/sources_1/new
ipx::unload_core d:/Projects/vivado/gates/and_gate/and_gate.srcs/sources_1/new/component.xml
ipx::open_ipxact_file D:/Projects/vivado/gates/and_gate/and_gate.srcs/sources_1/new/component.xml
ipx::unload_core d:/Projects/vivado/gates/and_gate/and_gate.srcs/sources_1/new/component.xml
ipx::open_ipxact_file D:/Projects/vivado/gates/and_gate/and_gate.srcs/sources_1/new/component.xml
ipx::unload_core d:/Projects/vivado/gates/and_gate/and_gate.srcs/sources_1/new/component.xml
ipx::open_ipxact_file D:/Projects/vivado/gates/and_gate/and_gate.srcs/sources_1/new/component.xml
ipx::unload_core d:/Projects/vivado/gates/and_gate/and_gate.srcs/sources_1/new/component.xml
ipx::open_ipxact_file D:/Projects/vivado/gates/and_gate/and_gate.srcs/sources_1/new/component.xml
set_property core_revision 7 [ipx::current_core]
ipx::create_xgui_files [ipx::current_core]
ipx::update_checksums [ipx::current_core]
ipx::save_core [ipx::current_core]
update_ip_catalog -rebuild -repo_path d:/Projects/vivado/gates/and_gate/and_gate.srcs/sources_1/new
ipx::check_integrity -quiet [ipx::current_core]
ipx::archive_core {d:\Projects\vivado\gates\and_gate\and_gate.srcs\sources_1\new\WYCER_GATES_AND_GATE_1.0.zip} [ipx::current_core]
set_property core_revision 8 [ipx::current_core]
ipx::create_xgui_files [ipx::current_core]
ipx::update_checksums [ipx::current_core]
ipx::save_core [ipx::current_core]
update_ip_catalog -rebuild -repo_path d:/Projects/vivado/gates/and_gate/and_gate.srcs/sources_1/new
ipx::check_integrity -quiet [ipx::current_core]
ipx::archive_core {d:\Projects\vivado\gates\and_gate\and_gate.srcs\sources_1\new\WYCER_GATES_AND_GATE_1.0.zip} [ipx::current_core]
